/Users/dyf/code/misc/labrador/src/include/xsca_checker_manager.h:94:XcalCheckerFactoryRegister
/Users/dyf/code/misc/labrador/src/rules/example/check_pp_example.inc:24:~CheckPPExample
/Users/dyf/code/misc/labrador/src/rules/example/check_pp_example.inc:24:~CheckPPExample
/Users/dyf/code/misc/labrador/src/rules/example/check_type_example.inc:15:~CheckTypeExample
/Users/dyf/code/misc/labrador/src/rules/example/check_stmt_example.inc:16:~CheckStmtExample
/Users/dyf/code/misc/labrador/src/rules/example/check_decl_example.h:16:~CheckDeclExample
